{
  "id": 0,
  "name": "first",
  "description": "first product description",
  "product_status": "available"
}