{
  "data": null,
  "metadata": {
    "timestamp": "2023-05-17T14:55:36.686Z",
    "statusCode": 404,
    "statusDescription": "Not found",
    "path": "/convera/payments",
    "errors": [
      {
        "errorCode": 40400,
        "errorMessage": "Not found",
        "errorDetails": "Order ID is not present",
        "serviceName": "Order Service"
      }
    ],
    "correlationId": "2dc85961-69d8-469c-8657-dc4d16c765f9"
  }
}